../Core/Src/main.c:88:5:__io_putchar	16	static
../Core/Src/main.c:94:7:Read_MQ135	16	static
../Core/Src/main.c:106:7:Get_Rs	32	static
../Core/Src/main.c:112:7:Get_PPM	40	static
../Core/Src/main.c:120:6:uart_Init	16	static
../Core/Src/main.c:136:6:DS18B20_write	32	static
../Core/Src/main.c:149:9:DS18B20_Read	32	static
../Core/Src/main.c:172:5:DS18B20_start	16	static
../Core/Src/main.c:189:6:HAL_UART_RxCpltCallback	16	static
../Core/Src/main.c:195:6:HAL_GPIO_EXTI_Callback	16	static
../Core/Src/main.c:226:5:main	40	static
../Core/Src/main.c:312:6:SystemClock_Config	88	static
../Core/Src/main.c:354:13:MX_ADC1_Init	24	static
../Core/Src/main.c:415:13:MX_USART1_UART_Init	8	static
../Core/Src/main.c:448:13:MX_USART2_UART_Init	8	static
../Core/Src/main.c:479:13:MX_DMA_Init	16	static
../Core/Src/main.c:503:13:MX_GPIO_Init	40	static
../Core/Src/main.c:548:6:Error_Handler	4	static,ignoring_inline_asm
